\BOOKMARK [1][-]{section.1}{\376\377\000E\000x\000e\000c\000u\000t\000i\000v\000e\000\040\000S\000u\000m\000m\000a\000r\000y}{}% 1
\BOOKMARK [2][-]{subsection.1.1}{\376\377\000T\000e\000m\000a\000\040\000a\000s\000s\000e\000g\000n\000a\000t\000o\000\040\000e\000\040\000R\000e\000a\000l\000t\000\340\000\040\000d\000i\000\040\000i\000n\000t\000e\000r\000e\000s\000s\000e}{section.1}% 2
\BOOKMARK [2][-]{subsection.1.2}{\376\377\000F\000u\000n\000z\000i\000o\000n\000a\000l\000i\000t\000\340\000\040\000p\000r\000i\000n\000c\000i\000p\000a\000l\000i}{section.1}% 3
\BOOKMARK [1][-]{section.2}{\376\377\000P\000r\000o\000g\000e\000t\000t\000a\000z\000i\000o\000n\000e}{}% 4
\BOOKMARK [2][-]{subsection.2.1}{\376\377\000W\000i\000r\000e\000f\000r\000a\000m\000e}{section.2}% 5
\BOOKMARK [3][-]{subsubsection.2.1.1}{\376\377\000D\000a\000t\000a\000b\000a\000s\000e}{subsection.2.1}% 6
\BOOKMARK [3][-]{subsubsection.2.1.2}{\376\377\000I\000n\000t\000e\000r\000f\000a\000c\000c\000i\000a\000\040\000p\000r\000i\000n\000c\000i\000p\000a\000l\000e}{subsection.2.1}% 7
\BOOKMARK [3][-]{subsubsection.2.1.3}{\376\377\000L\000o\000g\000i\000n}{subsection.2.1}% 8
\BOOKMARK [4][-]{paragraph.2.1.3.1}{\376\377\000V\000a\000l\000i\000d\000a\000z\000i\000o\000n\000e\000\040\000m\000u\000l\000t\000i\000l\000i\000v\000e\000l\000l\000o}{subsubsection.2.1.3}% 9
\BOOKMARK [4][-]{paragraph.2.1.3.2}{\376\377\000S\000i\000c\000u\000r\000e\000z\000z\000a\000\040\000e\000\040\000C\000i\000f\000r\000a\000t\000u\000r\000a\000\040\000d\000e\000i\000\040\000d\000a\000t\000i}{subsubsection.2.1.3}% 10
\BOOKMARK [3][-]{subsubsection.2.1.4}{\376\377\000D\000e\000t\000t\000a\000g\000l\000i\000o\000\040\000G\000i\000o\000c\000o}{subsection.2.1}% 11
\BOOKMARK [4][-]{paragraph.2.1.4.1}{\376\377\000S\000i\000s\000t\000e\000m\000a\000\040\000d\000i\000\040\000P\000r\000e\000n\000o\000t\000a\000z\000i\000o\000n\000e\000\040\000e\000\040\000C\000a\000l\000e\000n\000d\000a\000r\000i\000o}{subsubsection.2.1.4}% 12
\BOOKMARK [3][-]{subsubsection.2.1.5}{\376\377\000P\000a\000g\000a\000m\000e\000n\000t\000o\000\040\000T\000o\000r\000n\000e\000o}{subsection.2.1}% 13
\BOOKMARK [3][-]{subsubsection.2.1.6}{\376\377\000A\000r\000e\000a\000\040\000F\000A\000Q}{subsection.2.1}% 14
\BOOKMARK [3][-]{subsubsection.2.1.7}{\376\377\000A\000c\000c\000o\000u\000n\000t}{subsection.2.1}% 15
\BOOKMARK [2][-]{subsection.2.2}{\376\377\000W\000i\000r\000e\000f\000l\000o\000w}{section.2}% 16
\BOOKMARK [2][-]{subsection.2.3}{\376\377\000F\000o\000g\000l\000i\000\040\000d\000i\000\040\000S\000t\000i\000l\000e}{section.2}% 17
\BOOKMARK [3][-]{subsubsection.2.3.1}{\376\377\000m\000a\000i\000n\000p\000a\000g\000e\000.\000c\000s\000s}{subsection.2.3}% 18
\BOOKMARK [3][-]{subsubsection.2.3.2}{\376\377\000l\000o\000g\000i\000n\000.\000c\000s\000s}{subsection.2.3}% 19
\BOOKMARK [3][-]{subsubsection.2.3.3}{\376\377\000d\000e\000t\000t\000a\000g\000l\000i\000o\000\137\000g\000i\000o\000c\000o\000.\000c\000s\000s}{subsection.2.3}% 20
\BOOKMARK [3][-]{subsubsection.2.3.4}{\376\377\000a\000r\000e\000a\000\137\000f\000a\000q\000.\000c\000s\000s}{subsection.2.3}% 21
\BOOKMARK [3][-]{subsubsection.2.3.5}{\376\377\000p\000r\000e\000n\000o\000t\000a\000z\000i\000o\000n\000i\000.\000c\000s\000s}{subsection.2.3}% 22
\BOOKMARK [3][-]{subsubsection.2.3.6}{\376\377\000p\000a\000g\000a\000m\000e\000n\000t\000o\000\137\000t\000o\000r\000n\000e\000o\000.\000c\000s\000s}{subsection.2.3}% 23
\BOOKMARK [2][-]{subsection.2.4}{\376\377\000D\000i\000f\000f\000e\000r\000e\000n\000z\000e\000\040\000U\000t\000e\000n\000t\000e\000\040\000O\000s\000p\000i\000t\000e\000\040\000e\000\040\000U\000t\000e\000n\000t\000e\000\040\000L\000o\000g\000g\000a\000t\000o}{section.2}% 24
\BOOKMARK [3][-]{subsubsection.2.4.1}{\376\377\000N\000a\000v\000i\000g\000a\000z\000i\000o\000n\000e\000\040\000e\000\040\000H\000e\000a\000d\000e\000r}{subsection.2.4}% 25
\BOOKMARK [3][-]{subsubsection.2.4.2}{\376\377\000S\000i\000d\000e\000b\000a\000r\000\040\000D\000e\000s\000t\000r\000a\000\040\000\050\000A\000c\000c\000o\000u\000n\000t\000\051}{subsection.2.4}% 26
\BOOKMARK [3][-]{subsubsection.2.4.3}{\376\377\000I\000n\000t\000e\000r\000a\000z\000i\000o\000n\000e\000\040\000c\000o\000n\000\040\000i\000\040\000S\000e\000r\000v\000i\000z\000i\000\040\000e\000\040\000l\000e\000\040\000P\000r\000e\000n\000o\000t\000a\000z\000i\000o\000n\000i}{subsection.2.4}% 27
\BOOKMARK [3][-]{subsubsection.2.4.4}{\376\377\000A\000r\000e\000a\000\040\000f\000o\000o\000d\000\040\000e\000\040\000R\000e\000c\000e\000n\000s\000i\000o\000n\000i}{subsection.2.4}% 28
\BOOKMARK [2][-]{subsection.2.5}{\376\377\000D\000E\000T\000T\000A\000G\000L\000I\000O\000\040\000p\000r\000o\000g\000e\000t\000t\000a\000z\000i\000o\000n\000e\000\040\000d\000e\000l\000\040\000s\000i\000t\000o}{section.2}% 29
\BOOKMARK [1][-]{section.3}{\376\377\000D\000e\000s\000c\000r\000i\000z\000i\000o\000n\000e\000\040\000d\000e\000l\000\040\000S\000i\000t\000o}{}% 30
\BOOKMARK [2][-]{subsubsection.3.0.1}{\376\377\000I\000n\000t\000e\000r\000f\000a\000c\000c\000i\000a\000\040\000p\000r\000i\000n\000c\000i\000p\000a\000l\000e}{section.3}% 31
\BOOKMARK [3][-]{subsubsection.3.0.2}{\376\377\000L\000o\000g\000i\000n}{subsubsection.3.0.1}% 32
\BOOKMARK [3][-]{subsubsection.3.0.3}{\376\377\000D\000e\000t\000t\000a\000g\000l\000i\000o\000\040\000G\000i\000o\000c\000o}{subsubsection.3.0.1}% 33
\BOOKMARK [4][-]{paragraph.3.0.3.1}{\376\377\000P\000a\000g\000a\000m\000e\000n\000t\000o\000\040\000T\000o\000r\000n\000e\000o}{subsubsection.3.0.3}% 34
\BOOKMARK [3][-]{subsubsection.3.0.4}{\376\377\000A\000r\000e\000a\000\040\000F\000A\000Q}{subsubsection.3.0.1}% 35
\BOOKMARK [3][-]{subsubsection.3.0.5}{\376\377\000A\000c\000c\000o\000u\000n\000t}{subsubsection.3.0.1}% 36
\BOOKMARK [2][-]{subsection.3.1}{\376\377\000S\000c\000e\000l\000t\000e\000\040\000P\000r\000o\000g\000e\000t\000t\000u\000a\000l\000i\000\040\000i\000n\000\040\000a\000c\000c\000o\000r\000d\000o\000\040\000a\000l\000l\000e\000\040\000S\000p\000e\000c\000i\000f\000i\000c\000h\000e}{section.3}% 37
\BOOKMARK [2][-]{subsection.3.2}{\376\377\000D\000e\000t\000t\000a\000g\000l\000i\000\040\000i\000m\000p\000l\000e\000m\000e\000n\000t\000a\000t\000i\000v\000i\000\040\000p\000e\000c\000u\000l\000i\000a\000r\000i}{section.3}% 38
\BOOKMARK [1][-]{section.4}{\376\377\000T\000a\000b\000e\000l\000l\000a\000\040\000d\000i\000\040\000P\000a\000r\000t\000e\000c\000i\000p\000a\000z\000i\000o\000n\000e}{}% 39
\BOOKMARK [2][-]{subsection.4.1}{\376\377\000T\000a\000b\000e\000l\000l\000a}{section.4}% 40
\BOOKMARK [2][-]{subsection.4.2}{\376\377\000M\000a\000c\000r\000o\000a\000r\000e\000e\000\040\000e\000\040\000C\000o\000l\000l\000a\000b\000o\000r\000a\000z\000i\000o\000n\000i\000\040\000e\000m\000e\000r\000s\000e}{section.4}% 41
\BOOKMARK [1][-]{section.5}{\376\377\000E\000X\000C\000E\000L\000\040\000D\000e\000s\000c\000r\000i\000z\000i\000o\000n\000e\000\040\000B\000r\000e\000v\000e}{}% 42
